------------------------------------------------------------
TimeQuest Timing Analyzer Summary
------------------------------------------------------------

Type  : Slow 1200mV 85C Model Setup 'u6|altpll_component|auto_generated|pll1|clk[0]'
Slack : 0.853
TNS   : 0.000

Type  : Slow 1200mV 85C Model Setup 'u6|altpll_component|auto_generated|pll1|clk[4]'
Slack : 1.313
TNS   : 0.000

Type  : Slow 1200mV 85C Model Setup 'u6|altpll_component|auto_generated|pll1|clk[3]'
Slack : 8.357
TNS   : 0.000

Type  : Slow 1200mV 85C Model Setup 'CLOCK2_50'
Slack : 8.510
TNS   : 0.000

Type  : Slow 1200mV 85C Model Setup 'altera_reserved_tck'
Slack : 42.520
TNS   : 0.000

Type  : Slow 1200mV 85C Model Hold 'u6|altpll_component|auto_generated|pll1|clk[0]'
Slack : 0.268
TNS   : 0.000

Type  : Slow 1200mV 85C Model Hold 'u6|altpll_component|auto_generated|pll1|clk[4]'
Slack : 0.328
TNS   : 0.000

Type  : Slow 1200mV 85C Model Hold 'u6|altpll_component|auto_generated|pll1|clk[3]'
Slack : 0.342
TNS   : 0.000

Type  : Slow 1200mV 85C Model Hold 'altera_reserved_tck'
Slack : 0.402
TNS   : 0.000

Type  : Slow 1200mV 85C Model Hold 'CLOCK2_50'
Slack : 0.440
TNS   : 0.000

Type  : Slow 1200mV 85C Model Recovery 'u6|altpll_component|auto_generated|pll1|clk[0]'
Slack : 1.915
TNS   : 0.000

Type  : Slow 1200mV 85C Model Recovery 'CLOCK2_50'
Slack : 11.315
TNS   : 0.000

Type  : Slow 1200mV 85C Model Recovery 'u6|altpll_component|auto_generated|pll1|clk[3]'
Slack : 11.902
TNS   : 0.000

Type  : Slow 1200mV 85C Model Recovery 'altera_reserved_tck'
Slack : 48.414
TNS   : 0.000

Type  : Slow 1200mV 85C Model Removal 'altera_reserved_tck'
Slack : 1.412
TNS   : 0.000

Type  : Slow 1200mV 85C Model Removal 'CLOCK2_50'
Slack : 1.690
TNS   : 0.000

Type  : Slow 1200mV 85C Model Removal 'u6|altpll_component|auto_generated|pll1|clk[0]'
Slack : 6.213
TNS   : 0.000

Type  : Slow 1200mV 85C Model Removal 'u6|altpll_component|auto_generated|pll1|clk[3]'
Slack : 6.221
TNS   : 0.000

Type  : Slow 1200mV 85C Model Minimum Pulse Width 'u6|altpll_component|auto_generated|pll1|clk[0]'
Slack : 4.686
TNS   : 0.000

Type  : Slow 1200mV 85C Model Minimum Pulse Width 'CLOCK2_50'
Slack : 9.590
TNS   : 0.000

Type  : Slow 1200mV 85C Model Minimum Pulse Width 'CLOCK3_50'
Slack : 16.000
TNS   : 0.000

Type  : Slow 1200mV 85C Model Minimum Pulse Width 'CLOCK_50'
Slack : 16.000
TNS   : 0.000

Type  : Slow 1200mV 85C Model Minimum Pulse Width 'u6|altpll_component|auto_generated|pll1|clk[4]'
Slack : 16.366
TNS   : 0.000

Type  : Slow 1200mV 85C Model Minimum Pulse Width 'u6|altpll_component|auto_generated|pll1|clk[3]'
Slack : 19.698
TNS   : 0.000

Type  : Slow 1200mV 85C Model Minimum Pulse Width 'altera_reserved_tck'
Slack : 49.493
TNS   : 0.000

Type  : Slow 1200mV 0C Model Setup 'u6|altpll_component|auto_generated|pll1|clk[0]'
Slack : 1.751
TNS   : 0.000

Type  : Slow 1200mV 0C Model Setup 'u6|altpll_component|auto_generated|pll1|clk[4]'
Slack : 1.851
TNS   : 0.000

Type  : Slow 1200mV 0C Model Setup 'u6|altpll_component|auto_generated|pll1|clk[3]'
Slack : 9.198
TNS   : 0.000

Type  : Slow 1200mV 0C Model Setup 'CLOCK2_50'
Slack : 9.514
TNS   : 0.000

Type  : Slow 1200mV 0C Model Setup 'altera_reserved_tck'
Slack : 43.314
TNS   : 0.000

Type  : Slow 1200mV 0C Model Hold 'u6|altpll_component|auto_generated|pll1|clk[0]'
Slack : 0.273
TNS   : 0.000

Type  : Slow 1200mV 0C Model Hold 'u6|altpll_component|auto_generated|pll1|clk[3]'
Slack : 0.338
TNS   : 0.000

Type  : Slow 1200mV 0C Model Hold 'u6|altpll_component|auto_generated|pll1|clk[4]'
Slack : 0.339
TNS   : 0.000

Type  : Slow 1200mV 0C Model Hold 'altera_reserved_tck'
Slack : 0.352
TNS   : 0.000

Type  : Slow 1200mV 0C Model Hold 'CLOCK2_50'
Slack : 0.387
TNS   : 0.000

Type  : Slow 1200mV 0C Model Recovery 'u6|altpll_component|auto_generated|pll1|clk[0]'
Slack : 2.783
TNS   : 0.000

Type  : Slow 1200mV 0C Model Recovery 'CLOCK2_50'
Slack : 12.177
TNS   : 0.000

Type  : Slow 1200mV 0C Model Recovery 'u6|altpll_component|auto_generated|pll1|clk[3]'
Slack : 12.771
TNS   : 0.000

Type  : Slow 1200mV 0C Model Recovery 'altera_reserved_tck'
Slack : 48.671
TNS   : 0.000

Type  : Slow 1200mV 0C Model Removal 'altera_reserved_tck'
Slack : 1.291
TNS   : 0.000

Type  : Slow 1200mV 0C Model Removal 'CLOCK2_50'
Slack : 1.529
TNS   : 0.000

Type  : Slow 1200mV 0C Model Removal 'u6|altpll_component|auto_generated|pll1|clk[0]'
Slack : 5.486
TNS   : 0.000

Type  : Slow 1200mV 0C Model Removal 'u6|altpll_component|auto_generated|pll1|clk[3]'
Slack : 5.497
TNS   : 0.000

Type  : Slow 1200mV 0C Model Minimum Pulse Width 'u6|altpll_component|auto_generated|pll1|clk[0]'
Slack : 4.681
TNS   : 0.000

Type  : Slow 1200mV 0C Model Minimum Pulse Width 'CLOCK2_50'
Slack : 9.554
TNS   : 0.000

Type  : Slow 1200mV 0C Model Minimum Pulse Width 'CLOCK3_50'
Slack : 16.000
TNS   : 0.000

Type  : Slow 1200mV 0C Model Minimum Pulse Width 'CLOCK_50'
Slack : 16.000
TNS   : 0.000

Type  : Slow 1200mV 0C Model Minimum Pulse Width 'u6|altpll_component|auto_generated|pll1|clk[4]'
Slack : 16.369
TNS   : 0.000

Type  : Slow 1200mV 0C Model Minimum Pulse Width 'u6|altpll_component|auto_generated|pll1|clk[3]'
Slack : 19.686
TNS   : 0.000

Type  : Slow 1200mV 0C Model Minimum Pulse Width 'altera_reserved_tck'
Slack : 49.405
TNS   : 0.000

Type  : Fast 1200mV 0C Model Setup 'u6|altpll_component|auto_generated|pll1|clk[4]'
Slack : 3.740
TNS   : 0.000

Type  : Fast 1200mV 0C Model Setup 'u6|altpll_component|auto_generated|pll1|clk[0]'
Slack : 5.020
TNS   : 0.000

Type  : Fast 1200mV 0C Model Setup 'u6|altpll_component|auto_generated|pll1|clk[3]'
Slack : 13.624
TNS   : 0.000

Type  : Fast 1200mV 0C Model Setup 'CLOCK2_50'
Slack : 14.293
TNS   : 0.000

Type  : Fast 1200mV 0C Model Setup 'altera_reserved_tck'
Slack : 46.518
TNS   : 0.000

Type  : Fast 1200mV 0C Model Hold 'u6|altpll_component|auto_generated|pll1|clk[0]'
Slack : 0.088
TNS   : 0.000

Type  : Fast 1200mV 0C Model Hold 'u6|altpll_component|auto_generated|pll1|clk[4]'
Slack : 0.133
TNS   : 0.000

Type  : Fast 1200mV 0C Model Hold 'u6|altpll_component|auto_generated|pll1|clk[3]'
Slack : 0.138
TNS   : 0.000

Type  : Fast 1200mV 0C Model Hold 'altera_reserved_tck'
Slack : 0.181
TNS   : 0.000

Type  : Fast 1200mV 0C Model Hold 'CLOCK2_50'
Slack : 0.201
TNS   : 0.000

Type  : Fast 1200mV 0C Model Recovery 'u6|altpll_component|auto_generated|pll1|clk[0]'
Slack : 5.623
TNS   : 0.000

Type  : Fast 1200mV 0C Model Recovery 'CLOCK2_50'
Slack : 15.337
TNS   : 0.000

Type  : Fast 1200mV 0C Model Recovery 'u6|altpll_component|auto_generated|pll1|clk[3]'
Slack : 15.616
TNS   : 0.000

Type  : Fast 1200mV 0C Model Recovery 'altera_reserved_tck'
Slack : 49.558
TNS   : 0.000

Type  : Fast 1200mV 0C Model Removal 'altera_reserved_tck'
Slack : 0.661
TNS   : 0.000

Type  : Fast 1200mV 0C Model Removal 'CLOCK2_50'
Slack : 0.829
TNS   : 0.000

Type  : Fast 1200mV 0C Model Removal 'u6|altpll_component|auto_generated|pll1|clk[0]'
Slack : 3.338
TNS   : 0.000

Type  : Fast 1200mV 0C Model Removal 'u6|altpll_component|auto_generated|pll1|clk[3]'
Slack : 3.345
TNS   : 0.000

Type  : Fast 1200mV 0C Model Minimum Pulse Width 'u6|altpll_component|auto_generated|pll1|clk[0]'
Slack : 4.757
TNS   : 0.000

Type  : Fast 1200mV 0C Model Minimum Pulse Width 'CLOCK2_50'
Slack : 9.292
TNS   : 0.000

Type  : Fast 1200mV 0C Model Minimum Pulse Width 'CLOCK3_50'
Slack : 16.000
TNS   : 0.000

Type  : Fast 1200mV 0C Model Minimum Pulse Width 'CLOCK_50'
Slack : 16.000
TNS   : 0.000

Type  : Fast 1200mV 0C Model Minimum Pulse Width 'u6|altpll_component|auto_generated|pll1|clk[4]'
Slack : 16.426
TNS   : 0.000

Type  : Fast 1200mV 0C Model Minimum Pulse Width 'u6|altpll_component|auto_generated|pll1|clk[3]'
Slack : 19.760
TNS   : 0.000

Type  : Fast 1200mV 0C Model Minimum Pulse Width 'altera_reserved_tck'
Slack : 49.285
TNS   : 0.000

------------------------------------------------------------
